.next/types/app/(private)/edit/page.ts(2,24): error TS2307: Cannot find module '../../../../../app/(private)/edit/page.js' or its corresponding type declarations.
.next/types/app/(private)/edit/page.ts(5,29): error TS2307: Cannot find module '../../../../../app/(private)/edit/page.js' or its corresponding type declarations.
.next/types/app/(private)/layout.ts(2,24): error TS2307: Cannot find module '../../../../app/(private)/layout.js' or its corresponding type declarations.
.next/types/app/(private)/layout.ts(5,29): error TS2307: Cannot find module '../../../../app/(private)/layout.js' or its corresponding type declarations.
.next/types/app/[handle]/layout.ts(2,24): error TS2307: Cannot find module '../../../../app/[handle]/layout.js' or its corresponding type declarations.
.next/types/app/[handle]/layout.ts(5,29): error TS2307: Cannot find module '../../../../app/[handle]/layout.js' or its corresponding type declarations.
.next/types/app/[handle]/page.ts(2,24): error TS2307: Cannot find module '../../../../app/[handle]/page.js' or its corresponding type declarations.
.next/types/app/[handle]/page.ts(5,29): error TS2307: Cannot find module '../../../../app/[handle]/page.js' or its corresponding type declarations.
.next/types/app/layout.ts(2,24): error TS2307: Cannot find module '../../../app/layout.js' or its corresponding type declarations.
.next/types/app/layout.ts(5,29): error TS2307: Cannot find module '../../../app/layout.js' or its corresponding type declarations.
.next/types/validator.ts(53,39): error TS2307: Cannot find module '../../app/(private)/(dashboard)/connections/page.js' or its corresponding type declarations.
.next/types/validator.ts(62,39): error TS2307: Cannot find module '../../app/(private)/(dashboard)/dashboard/page.js' or its corresponding type declarations.
.next/types/validator.ts(71,39): error TS2307: Cannot find module '../../app/(private)/(dashboard)/domain-integration/page.js' or its corresponding type declarations.
.next/types/validator.ts(80,39): error TS2307: Cannot find module '../../app/(private)/(dashboard)/inbox/page.js' or its corresponding type declarations.
.next/types/validator.ts(89,39): error TS2307: Cannot find module '../../app/(private)/(dashboard)/settings/billing/page.js' or its corresponding type declarations.
.next/types/validator.ts(98,39): error TS2307: Cannot find module '../../app/(private)/(dashboard)/settings/organization/page.js' or its corresponding type declarations.
.next/types/validator.ts(107,39): error TS2307: Cannot find module '../../app/(private)/(dashboard)/settings/user/page.js' or its corresponding type declarations.
.next/types/validator.ts(116,39): error TS2307: Cannot find module '../../app/(private)/(dashboard)/storage/page.js' or its corresponding type declarations.
.next/types/validator.ts(125,39): error TS2307: Cannot find module '../../app/(private)/(dashboard)/teams/page.js' or its corresponding type declarations.
.next/types/validator.ts(134,39): error TS2307: Cannot find module '../../app/(private)/billing/success/page.js' or its corresponding type declarations.
.next/types/validator.ts(143,39): error TS2307: Cannot find module '../../app/(private)/edit/page.js' or its corresponding type declarations.
.next/types/validator.ts(152,39): error TS2307: Cannot find module '../../app/(private)/onboarding/page.js' or its corresponding type declarations.
.next/types/validator.ts(161,39): error TS2307: Cannot find module '../../app/(private)/organization/create/page.js' or its corresponding type declarations.
.next/types/validator.ts(170,39): error TS2307: Cannot find module '../../app/(private)/settings/page.js' or its corresponding type declarations.
.next/types/validator.ts(179,39): error TS2307: Cannot find module '../../app/(public)/(auth)/sign-in/page.js' or its corresponding type declarations.
.next/types/validator.ts(188,39): error TS2307: Cannot find module '../../app/(public)/(auth)/sign-up/page.js' or its corresponding type declarations.
.next/types/validator.ts(197,39): error TS2307: Cannot find module '../../app/(public)/(auth)/user-check/page.js' or its corresponding type declarations.
.next/types/validator.ts(206,39): error TS2307: Cannot find module '../../app/(public)/about/page.js' or its corresponding type declarations.
.next/types/validator.ts(215,39): error TS2307: Cannot find module '../../app/(public)/contact/page.js' or its corresponding type declarations.
.next/types/validator.ts(224,39): error TS2307: Cannot find module '../../app/(public)/faq/page.js' or its corresponding type declarations.
.next/types/validator.ts(233,39): error TS2307: Cannot find module '../../app/(public)/features/page.js' or its corresponding type declarations.
.next/types/validator.ts(242,39): error TS2307: Cannot find module '../../app/(public)/how-it-works/page.js' or its corresponding type declarations.
.next/types/validator.ts(251,39): error TS2307: Cannot find module '../../app/(public)/page.js' or its corresponding type declarations.
.next/types/validator.ts(260,39): error TS2307: Cannot find module '../../app/(public)/privacy/page.js' or its corresponding type declarations.
.next/types/validator.ts(269,39): error TS2307: Cannot find module '../../app/(public)/terms/page.js' or its corresponding type declarations.
.next/types/validator.ts(278,39): error TS2307: Cannot find module '../../app/[handle]/page.js' or its corresponding type declarations.
.next/types/validator.ts(287,39): error TS2307: Cannot find module '../../app/invite/[token]/page.js' or its corresponding type declarations.
.next/types/validator.ts(296,39): error TS2307: Cannot find module '../../app/pricing/page.js' or its corresponding type declarations.
.next/types/validator.ts(305,39): error TS2307: Cannot find module '../../app/api/storage/[storageId]/route.js' or its corresponding type declarations.
.next/types/validator.ts(314,39): error TS2307: Cannot find module '../../app/api/verify-captcha/route.js' or its corresponding type declarations.
.next/types/validator.ts(323,39): error TS2307: Cannot find module '../../app/api/webhooks/lemon-squeezy/route.js' or its corresponding type declarations.
.next/types/validator.ts(336,39): error TS2307: Cannot find module '../../app/(private)/(dashboard)/layout.js' or its corresponding type declarations.
.next/types/validator.ts(345,39): error TS2307: Cannot find module '../../app/(private)/layout.js' or its corresponding type declarations.
.next/types/validator.ts(354,39): error TS2307: Cannot find module '../../app/(public)/faq/layout.js' or its corresponding type declarations.
.next/types/validator.ts(363,39): error TS2307: Cannot find module '../../app/(public)/layout.js' or its corresponding type declarations.
.next/types/validator.ts(372,39): error TS2307: Cannot find module '../../app/[handle]/layout.js' or its corresponding type declarations.
.next/types/validator.ts(381,39): error TS2307: Cannot find module '../../app/layout.js' or its corresponding type declarations.
